Reusing configuration cache.
> Task :app:preBuild UP-TO-DATE
> Task :app:preDebugBuild UP-TO-DATE
> Task :app:generateDebugAssets UP-TO-DATE
> Task :app:mergeDebugNativeDebugMetadata NO-SOURCE
> Task :app:generateDebugBuildConfig UP-TO-DATE
> Task :app:generateDebugResources UP-TO-DATE
> Task :app:processDebugGoogleServices UP-TO-DATE
> Task :app:packageDebugResources UP-TO-DATE
> Task :app:javaPreCompileDebug UP-TO-DATE
> Task :app:checkDebugDuplicateClasses UP-TO-DATE
> Task :app:desugarDebugFileDependencies UP-TO-DATE
> Task :app:mergeDebugAssets UP-TO-DATE
> Task :app:compressDebugAssets UP-TO-DATE
> Task :app:mergeLibDexDebug UP-TO-DATE
> Task :app:checkDebugAarMetadata UP-TO-DATE
> Task :app:mapDebugSourceSetPaths UP-TO-DATE
> Task :app:processDebugNavigationResources UP-TO-DATE
> Task :app:parseDebugLocalResources UP-TO-DATE
> Task :app:generateDebugRFile UP-TO-DATE
> Task :app:compileDebugNavigationResources UP-TO-DATE
> Task :app:createDebugCompatibleScreenManifests UP-TO-DATE
> Task :app:extractDeepLinksDebug UP-TO-DATE
> Task :app:mergeDebugResources UP-TO-DATE
> Task :app:mergeDebugJniLibFolders UP-TO-DATE
> Task :app:mergeExtDexDebug UP-TO-DATE
> Task :app:validateSigningDebug UP-TO-DATE
> Task :app:processDebugMainManifest UP-TO-DATE
> Task :app:writeDebugAppMetadata UP-TO-DATE
> Task :app:writeDebugSigningConfigVersions UP-TO-DATE
> Task :app:processDebugManifest UP-TO-DATE
> Task :app:processDebugManifestForPackage UP-TO-DATE
> Task :app:mergeDebugNativeLibs UP-TO-DATE
> Task :app:stripDebugDebugSymbols UP-TO-DATE
> Task :app:processDebugResources UP-TO-DATE
Exception in thread "AWT-EventQueue-0" java.lang.NullPointerException: Cannot invoke "ksp.com.intellij.openapi.application.Application.getService(java.lang.Class)" because the return value of "ksp.com.intellij.openapi.application.ApplicationManager.getApplication()" is null
	at ksp.com.intellij.openapi.fileEditor.FileDocumentManager.getInstance(FileDocumentManager.java:35)
	at ksp.com.intellij.openapi.fileTypes.BinaryFileTypeDecompilers.lambda$notifyDecompilerSetChange$1(BinaryFileTypeDecompilers.java:29)
	at java.desktop/java.awt.event.InvocationEvent.dispatch(InvocationEvent.java:318)
	at java.desktop/java.awt.EventQueue.dispatchEventImpl(EventQueue.java:773)
	at java.desktop/java.awt.EventQueue$4.run(EventQueue.java:720)
	at java.desktop/java.awt.EventQueue$4.run(EventQueue.java:714)
	at java.base/java.security.AccessController.doPrivileged(AccessController.java:400)
	at java.base/java.security.ProtectionDomain$JavaSecurityAccessImpl.doIntersectionPrivilege(ProtectionDomain.java:87)
	at java.desktop/java.awt.EventQueue.dispatchEvent(EventQueue.java:742)
	at java.desktop/java.awt.EventDispatchThread.pumpOneEventForFilters(EventDispatchThread.java:203)
	at java.desktop/java.awt.EventDispatchThread.pumpEventsForFilter(EventDispatchThread.java:124)
	at java.desktop/java.awt.EventDispatchThread.pumpEventsForHierarchy(EventDispatchThread.java:113)
	at java.desktop/java.awt.EventDispatchThread.pumpEvents(EventDispatchThread.java:109)
	at java.desktop/java.awt.EventDispatchThread.pumpEvents(EventDispatchThread.java:101)
	at java.desktop/java.awt.EventDispatchThread.run(EventDispatchThread.java:90)
> Task :app:kspDebugKotlin

> Task :app:compileDebugKotlin FAILED
e: file:///app/applet/app/src/main/java/com/example/ui/GameModule.kt:513:1 Syntax error: Expecting a top level declaration.
e: file:///app/applet/app/src/main/java/com/example/ui/GameModule.kt:516:5 Syntax error: Expecting a top level declaration.
e: file:///app/applet/app/src/main/java/com/example/ui/GameModule.kt:516:8 Syntax error: Expecting a top level declaration.
e: file:///app/applet/app/src/main/java/com/example/ui/GameModule.kt:517:9 Syntax error: Expecting a top level declaration.
e: file:///app/applet/app/src/main/java/com/example/ui/GameModule.kt:517:18 Syntax error: Expecting a top level declaration.
e: file:///app/applet/app/src/main/java/com/example/ui/GameModule.kt:517:20 Syntax error: Expecting a top level declaration.
e: file:///app/applet/app/src/main/java/com/example/ui/GameModule.kt:518:13 Syntax error: Expecting a top level declaration.
e: file:///app/applet/app/src/main/java/com/example/ui/GameModule.kt:518:14 Syntax error: Expecting a top level declaration.
e: file:///app/applet/app/src/main/java/com/example/ui/GameModule.kt:518:25 Syntax error: Expecting a top level declaration.
e: file:///app/applet/app/src/main/java/com/example/ui/GameModule.kt:518:26 Syntax error: Expecting a top level declaration.
e: file:///app/applet/app/src/main/java/com/example/ui/GameModule.kt:519:13 Syntax error: Expecting a top level declaration.
e: file:///app/applet/app/src/main/java/com/example/ui/GameModule.kt:519:14 Syntax error: Expecting a top level declaration.
e: file:///app/applet/app/src/main/java/com/example/ui/GameModule.kt:519:24 Syntax error: Expecting a top level declaration.
e: file:///app/applet/app/src/main/java/com/example/ui/GameModule.kt:519:25 Syntax error: Expecting a top level declaration.
e: file:///app/applet/app/src/main/java/com/example/ui/GameModule.kt:519:43 Syntax error: Expecting a top level declaration.
e: file:///app/applet/app/src/main/java/com/example/ui/GameModule.kt:520:5 Syntax error: Expecting a top level declaration.
e: file:///app/applet/app/src/main/java/com/example/ui/GameModule.kt:521:1 Syntax error: Expecting a top level declaration.
e: file:///app/applet/app/src/main/java/com/example/ui/GameModule.kt:911:1 Syntax error: Expecting a top level declaration.

FAILURE: Build failed with an exception.

* What went wrong:
Execution failed for task ':app:compileDebugKotlin'.
> A failure occurred while executing org.jetbrains.kotlin.compilerRunner.GradleCompilerRunnerWithWorkers$GradleKotlinCompilerWorkAction
   > Compilation error. See log for more details

* Try:
> Run with --stacktrace option to get the stack trace.
> Run with --info or --debug option to get more log output.
> Run with --scan to get full insights from a Build Scan (powered by Develocity).
> Get more help at https://help.gradle.org.

BUILD FAILED in 17s
32 actionable tasks: 2 executed, 30 up-to-date
Configuration cache entry reused.
